---
source: tui/src/chatwidget/tests.rs
assertion_line: 3294
expression: popup
---
  Select Reasoning Level for test-model-a

  1. Low                   Faster, lighter reasoning
  2. Medium (default)      Balanced
  3. High                  Deeper reasoning
› 4. Extra high (current)  Deepest reasoning
                           ⚠ Extra high reasoning effort uses noticeably more
                           tokens per turn.

  Press enter to confirm or esc to go back
