---
source: tui/src/chatwidget/tests.rs
assertion_line: 3046
expression: popup
---
  Select Model and Effort
  Access legacy models by running opencli -m <model_name> or in your config.to

› 1. test-model-a (default)  test-model-a via openai.
  2. test-model-b            test-model-b via openai.

  Press enter to select reasoning effort, or esc to dismiss.
