---
source: tui/src/bottom_pane/chat_composer.rs
assertion_line: 4508
expression: terminal.backend()
---
"                                                            "
"› /res                                                      "
"                                                            "
"  /resume   resume a saved chat                             "
"  /restart  restart on the current binary, keeping this     "
"            conversation                                    "
