---
source: tui/src/bottom_pane/list_selection_view.rs
assertion_line: 892
expression: "render_lines_with_width(&view, 80)"
---
                                                                                
  Select Model and Effort                                                       
                                                                                
› 1. test-model (current)  Optimized for OpenCLI. Balance of reasoning quality  
                           and coding ability.                                  
  2. test-model-mini       Optimized for OpenCLI. Cheaper, faster, but less     
                           capable.                                             
  3. gpt-4.1-opencli       Legacy model. Use when you need compatibility with   
                           older automations.
