---
source: tui/src/bottom_pane/mod.rs
expression: "render_snapshot(&pane, area)"
---
• Processing (0s • esc to interrupt)            
                                                
  ↳ Queued follow-up question                   
    ⌥ + ↑ edit                                  
                                                
› Ask OpenCLI to do anything                    
                                                
  ? for shortcuts            100% context left
